// Jest Snapshot v1, https://goo.gl/fbAQLP

exports[`test for quiz componet snap for quiz 1`] = `
Object {
  "asFragment": [Function],
  "baseElement": <body>
    <div>
      <div>
        <p
          class="MuiTypography-root MuiTypography-body1 css-13pbp63-MuiTypography-root"
        >
          <button
            class="MuiButton-root MuiButton-outlined MuiButton-outlinedPrimary MuiButton-sizeMedium MuiButton-outlinedSizeMedium MuiButtonBase-root  css-1rwt2y5-MuiButtonBase-root-MuiButton-root"
            data-testid="btn-0"
            style="background-color: gray; margin: 20px; color: white;"
            tabindex="0"
            type="button"
          >
            1
            <span
              class="MuiTouchRipple-root css-8je8zh-MuiTouchRipple-root"
            />
          </button>
          <button
            class="MuiButton-root MuiButton-outlined MuiButton-outlinedPrimary MuiButton-sizeMedium MuiButton-outlinedSizeMedium MuiButtonBase-root  css-1rwt2y5-MuiButtonBase-root-MuiButton-root"
            data-testid="btn-1"
            style="background-color: gray; margin: 20px; color: white;"
            tabindex="0"
            type="button"
          >
            2
            <span
              class="MuiTouchRipple-root css-8je8zh-MuiTouchRipple-root"
            />
          </button>
          <button
            class="MuiButton-root MuiButton-outlined MuiButton-outlinedPrimary MuiButton-sizeMedium MuiButton-outlinedSizeMedium MuiButtonBase-root  css-1rwt2y5-MuiButtonBase-root-MuiButton-root"
            data-testid="btn-2"
            style="background-color: gray; margin: 20px; color: white;"
            tabindex="0"
            type="button"
          >
            3
            <span
              class="MuiTouchRipple-root css-8je8zh-MuiTouchRipple-root"
            />
          </button>
          <button
            class="MuiButton-root MuiButton-outlined MuiButton-outlinedPrimary MuiButton-sizeMedium MuiButton-outlinedSizeMedium MuiButtonBase-root  css-1rwt2y5-MuiButtonBase-root-MuiButton-root"
            data-testid="btn-3"
            style="background-color: gray; margin: 20px; color: white;"
            tabindex="0"
            type="button"
          >
            4
            <span
              class="MuiTouchRipple-root css-8je8zh-MuiTouchRipple-root"
            />
          </button>
          <button
            class="MuiButton-root MuiButton-outlined MuiButton-outlinedPrimary MuiButton-sizeMedium MuiButton-outlinedSizeMedium MuiButtonBase-root  css-1rwt2y5-MuiButtonBase-root-MuiButton-root"
            data-testid="btn-4"
            style="background-color: gray; margin: 20px; color: white;"
            tabindex="0"
            type="button"
          >
            5
            <span
              class="MuiTouchRipple-root css-8je8zh-MuiTouchRipple-root"
            />
          </button>
        </p>
        <div
          class="MuiGrid-root css-k1dudb-MuiGrid-root"
        >
          <h6
            class="MuiTypography-root MuiTypography-h6 css-2ulfj5-MuiTypography-root"
          >
            Q
            1
              
            what is react?
          </h6>
        </div>
        <div
          class="MuiGrid-root css-1osbi6h-MuiGrid-root"
        >
          <div
            class="MuiFormControl-root css-1nrlq1o-MuiFormControl-root"
          >
            <div
              class="MuiFormGroup-root css-dmmspl-MuiFormGroup-root"
              role="radiogroup"
            >
              <label
                class="MuiFormControlLabel-root MuiFormControlLabel-labelPlacementEnd css-j204z7-MuiFormControlLabel-root"
                data-testid="mcq-0"
              >
                <span
                  class="MuiRadio-root MuiRadio-colorPrimary MuiButtonBase-root MuiRadio-root MuiRadio-colorPrimary PrivateSwitchBase-root css-vqmohf-MuiButtonBase-root-MuiRadio-root"
                >
                  <input
                    class="PrivateSwitchBase-input css-1m9pwf3"
                    name=":r0:"
                    type="radio"
                    value="librery"
                  />
                  <span
                    class="css-hyxlzm"
                  >
                    <svg
                      aria-hidden="true"
                      class="MuiSvgIcon-root MuiSvgIcon-fontSizeMedium css-1hbvpl3-MuiSvgIcon-root"
                      data-testid="RadioButtonUncheckedIcon"
                      focusable="false"
                      viewBox="0 0 24 24"
                    >
                      <path
                        d="M12 2C6.48 2 2 6.48 2 12s4.48 10 10 10 10-4.48 10-10S17.52 2 12 2zm0 18c-4.42 0-8-3.58-8-8s3.58-8 8-8 8 3.58 8 8-3.58 8-8 8z"
                      />
                    </svg>
                    <svg
                      aria-hidden="true"
                      class="MuiSvgIcon-root MuiSvgIcon-fontSizeMedium css-1hhw7if-MuiSvgIcon-root"
                      data-testid="RadioButtonCheckedIcon"
                      focusable="false"
                      viewBox="0 0 24 24"
                    >
                      <path
                        d="M8.465 8.465C9.37 7.56 10.62 7 12 7C14.76 7 17 9.24 17 12C17 13.38 16.44 14.63 15.535 15.535C14.63 16.44 13.38 17 12 17C9.24 17 7 14.76 7 12C7 10.62 7.56 9.37 8.465 8.465Z"
                      />
                    </svg>
                  </span>
                  <span
                    class="MuiTouchRipple-root css-8je8zh-MuiTouchRipple-root"
                  />
                </span>
                <span
                  class="MuiTypography-root MuiTypography-body1 MuiFormControlLabel-label css-ahj2mt-MuiTypography-root"
                >
                  librery
                </span>
              </label>
              <label
                class="MuiFormControlLabel-root MuiFormControlLabel-labelPlacementEnd css-j204z7-MuiFormControlLabel-root"
                data-testid="mcq-1"
              >
                <span
                  class="MuiRadio-root MuiRadio-colorPrimary MuiButtonBase-root MuiRadio-root MuiRadio-colorPrimary PrivateSwitchBase-root css-vqmohf-MuiButtonBase-root-MuiRadio-root"
                >
                  <input
                    class="PrivateSwitchBase-input css-1m9pwf3"
                    name=":r0:"
                    type="radio"
                    value="framework"
                  />
                  <span
                    class="css-hyxlzm"
                  >
                    <svg
                      aria-hidden="true"
                      class="MuiSvgIcon-root MuiSvgIcon-fontSizeMedium css-1hbvpl3-MuiSvgIcon-root"
                      data-testid="RadioButtonUncheckedIcon"
                      focusable="false"
                      viewBox="0 0 24 24"
                    >
                      <path
                        d="M12 2C6.48 2 2 6.48 2 12s4.48 10 10 10 10-4.48 10-10S17.52 2 12 2zm0 18c-4.42 0-8-3.58-8-8s3.58-8 8-8 8 3.58 8 8-3.58 8-8 8z"
                      />
                    </svg>
                    <svg
                      aria-hidden="true"
                      class="MuiSvgIcon-root MuiSvgIcon-fontSizeMedium css-1hhw7if-MuiSvgIcon-root"
                      data-testid="RadioButtonCheckedIcon"
                      focusable="false"
                      viewBox="0 0 24 24"
                    >
                      <path
                        d="M8.465 8.465C9.37 7.56 10.62 7 12 7C14.76 7 17 9.24 17 12C17 13.38 16.44 14.63 15.535 15.535C14.63 16.44 13.38 17 12 17C9.24 17 7 14.76 7 12C7 10.62 7.56 9.37 8.465 8.465Z"
                      />
                    </svg>
                  </span>
                  <span
                    class="MuiTouchRipple-root css-8je8zh-MuiTouchRipple-root"
                  />
                </span>
                <span
                  class="MuiTypography-root MuiTypography-body1 MuiFormControlLabel-label css-ahj2mt-MuiTypography-root"
                >
                  framework
                </span>
              </label>
              <label
                class="MuiFormControlLabel-root MuiFormControlLabel-labelPlacementEnd css-j204z7-MuiFormControlLabel-root"
                data-testid="mcq-2"
              >
                <span
                  class="MuiRadio-root MuiRadio-colorPrimary MuiButtonBase-root MuiRadio-root MuiRadio-colorPrimary PrivateSwitchBase-root css-vqmohf-MuiButtonBase-root-MuiRadio-root"
                >
                  <input
                    class="PrivateSwitchBase-input css-1m9pwf3"
                    name=":r0:"
                    type="radio"
                    value="both"
                  />
                  <span
                    class="css-hyxlzm"
                  >
                    <svg
                      aria-hidden="true"
                      class="MuiSvgIcon-root MuiSvgIcon-fontSizeMedium css-1hbvpl3-MuiSvgIcon-root"
                      data-testid="RadioButtonUncheckedIcon"
                      focusable="false"
                      viewBox="0 0 24 24"
                    >
                      <path
                        d="M12 2C6.48 2 2 6.48 2 12s4.48 10 10 10 10-4.48 10-10S17.52 2 12 2zm0 18c-4.42 0-8-3.58-8-8s3.58-8 8-8 8 3.58 8 8-3.58 8-8 8z"
                      />
                    </svg>
                    <svg
                      aria-hidden="true"
                      class="MuiSvgIcon-root MuiSvgIcon-fontSizeMedium css-1hhw7if-MuiSvgIcon-root"
                      data-testid="RadioButtonCheckedIcon"
                      focusable="false"
                      viewBox="0 0 24 24"
                    >
                      <path
                        d="M8.465 8.465C9.37 7.56 10.62 7 12 7C14.76 7 17 9.24 17 12C17 13.38 16.44 14.63 15.535 15.535C14.63 16.44 13.38 17 12 17C9.24 17 7 14.76 7 12C7 10.62 7.56 9.37 8.465 8.465Z"
                      />
                    </svg>
                  </span>
                  <span
                    class="MuiTouchRipple-root css-8je8zh-MuiTouchRipple-root"
                  />
                </span>
                <span
                  class="MuiTypography-root MuiTypography-body1 MuiFormControlLabel-label css-ahj2mt-MuiTypography-root"
                >
                  both
                </span>
              </label>
              <label
                class="MuiFormControlLabel-root MuiFormControlLabel-labelPlacementEnd css-j204z7-MuiFormControlLabel-root"
                data-testid="mcq-3"
              >
                <span
                  class="MuiRadio-root MuiRadio-colorPrimary MuiButtonBase-root MuiRadio-root MuiRadio-colorPrimary PrivateSwitchBase-root css-vqmohf-MuiButtonBase-root-MuiRadio-root"
                >
                  <input
                    class="PrivateSwitchBase-input css-1m9pwf3"
                    name=":r0:"
                    type="radio"
                    value="none"
                  />
                  <span
                    class="css-hyxlzm"
                  >
                    <svg
                      aria-hidden="true"
                      class="MuiSvgIcon-root MuiSvgIcon-fontSizeMedium css-1hbvpl3-MuiSvgIcon-root"
                      data-testid="RadioButtonUncheckedIcon"
                      focusable="false"
                      viewBox="0 0 24 24"
                    >
                      <path
                        d="M12 2C6.48 2 2 6.48 2 12s4.48 10 10 10 10-4.48 10-10S17.52 2 12 2zm0 18c-4.42 0-8-3.58-8-8s3.58-8 8-8 8 3.58 8 8-3.58 8-8 8z"
                      />
                    </svg>
                    <svg
                      aria-hidden="true"
                      class="MuiSvgIcon-root MuiSvgIcon-fontSizeMedium css-1hhw7if-MuiSvgIcon-root"
                      data-testid="RadioButtonCheckedIcon"
                      focusable="false"
                      viewBox="0 0 24 24"
                    >
                      <path
                        d="M8.465 8.465C9.37 7.56 10.62 7 12 7C14.76 7 17 9.24 17 12C17 13.38 16.44 14.63 15.535 15.535C14.63 16.44 13.38 17 12 17C9.24 17 7 14.76 7 12C7 10.62 7.56 9.37 8.465 8.465Z"
                      />
                    </svg>
                  </span>
                  <span
                    class="MuiTouchRipple-root css-8je8zh-MuiTouchRipple-root"
                  />
                </span>
                <span
                  class="MuiTypography-root MuiTypography-body1 MuiFormControlLabel-label css-ahj2mt-MuiTypography-root"
                >
                  none
                </span>
              </label>
            </div>
          </div>
        </div>
        <div
          class="MuiGrid-root MuiGrid-container css-ngb104-MuiGrid-root"
        >
          <div
            class="MuiGrid-root MuiGrid-grid-xs-1 css-szb5eh-MuiGrid-root"
          >
            <button
              class="MuiButton-root MuiButton-outlined MuiButton-outlinedPrimary MuiButton-sizeMedium MuiButton-outlinedSizeMedium MuiButtonBase-root Mui-disabled  css-1rwt2y5-MuiButtonBase-root-MuiButton-root"
              data-testid="back"
              disabled=""
              tabindex="-1"
              type="button"
            >
              <svg
                aria-hidden="true"
                class="MuiSvgIcon-root MuiSvgIcon-fontSizeMedium css-i4bv87-MuiSvgIcon-root"
                data-testid="ArrowBackIcon"
                focusable="false"
                viewBox="0 0 24 24"
              >
                <path
                  d="M20 11H7.83l5.59-5.59L12 4l-8 8 8 8 1.41-1.41L7.83 13H20v-2z"
                />
              </svg>
            </button>
          </div>
          <div
            class="MuiGrid-root MuiGrid-grid-xs-8 css-1s8x0xg-MuiGrid-root"
          />
          <div
            class="MuiGrid-root MuiGrid-grid-xs-1 css-szb5eh-MuiGrid-root"
          >
            <button
              class="MuiButton-root MuiButton-outlined MuiButton-outlinedPrimary MuiButton-sizeMedium MuiButton-outlinedSizeMedium MuiButtonBase-root Mui-disabled  css-1rwt2y5-MuiButtonBase-root-MuiButton-root"
              data-testid="submit"
              disabled=""
              tabindex="-1"
              type="button"
            >
              SUBMIT
            </button>
          </div>
          <div
            class="MuiGrid-root MuiGrid-grid-xs-1 css-szb5eh-MuiGrid-root"
          >
            <button
              class="MuiButton-root MuiButton-outlined MuiButton-outlinedPrimary MuiButton-sizeMedium MuiButton-outlinedSizeMedium MuiButtonBase-root  css-1rwt2y5-MuiButtonBase-root-MuiButton-root"
              data-testid="frd"
              tabindex="0"
              type="button"
            >
              <svg
                aria-hidden="true"
                class="MuiSvgIcon-root MuiSvgIcon-fontSizeMedium css-i4bv87-MuiSvgIcon-root"
                data-testid="ArrowForwardIcon"
                focusable="false"
                viewBox="0 0 24 24"
              >
                <path
                  d="m12 4-1.41 1.41L16.17 11H4v2h12.17l-5.58 5.59L12 20l8-8z"
                />
              </svg>
              <span
                class="MuiTouchRipple-root css-8je8zh-MuiTouchRipple-root"
              />
            </button>
          </div>
        </div>
      </div>
    </div>
  </body>,
  "container": <div>
    <div>
      <p
        class="MuiTypography-root MuiTypography-body1 css-13pbp63-MuiTypography-root"
      >
        <button
          class="MuiButton-root MuiButton-outlined MuiButton-outlinedPrimary MuiButton-sizeMedium MuiButton-outlinedSizeMedium MuiButtonBase-root  css-1rwt2y5-MuiButtonBase-root-MuiButton-root"
          data-testid="btn-0"
          style="background-color: gray; margin: 20px; color: white;"
          tabindex="0"
          type="button"
        >
          1
          <span
            class="MuiTouchRipple-root css-8je8zh-MuiTouchRipple-root"
          />
        </button>
        <button
          class="MuiButton-root MuiButton-outlined MuiButton-outlinedPrimary MuiButton-sizeMedium MuiButton-outlinedSizeMedium MuiButtonBase-root  css-1rwt2y5-MuiButtonBase-root-MuiButton-root"
          data-testid="btn-1"
          style="background-color: gray; margin: 20px; color: white;"
          tabindex="0"
          type="button"
        >
          2
          <span
            class="MuiTouchRipple-root css-8je8zh-MuiTouchRipple-root"
          />
        </button>
        <button
          class="MuiButton-root MuiButton-outlined MuiButton-outlinedPrimary MuiButton-sizeMedium MuiButton-outlinedSizeMedium MuiButtonBase-root  css-1rwt2y5-MuiButtonBase-root-MuiButton-root"
          data-testid="btn-2"
          style="background-color: gray; margin: 20px; color: white;"
          tabindex="0"
          type="button"
        >
          3
          <span
            class="MuiTouchRipple-root css-8je8zh-MuiTouchRipple-root"
          />
        </button>
        <button
          class="MuiButton-root MuiButton-outlined MuiButton-outlinedPrimary MuiButton-sizeMedium MuiButton-outlinedSizeMedium MuiButtonBase-root  css-1rwt2y5-MuiButtonBase-root-MuiButton-root"
          data-testid="btn-3"
          style="background-color: gray; margin: 20px; color: white;"
          tabindex="0"
          type="button"
        >
          4
          <span
            class="MuiTouchRipple-root css-8je8zh-MuiTouchRipple-root"
          />
        </button>
        <button
          class="MuiButton-root MuiButton-outlined MuiButton-outlinedPrimary MuiButton-sizeMedium MuiButton-outlinedSizeMedium MuiButtonBase-root  css-1rwt2y5-MuiButtonBase-root-MuiButton-root"
          data-testid="btn-4"
          style="background-color: gray; margin: 20px; color: white;"
          tabindex="0"
          type="button"
        >
          5
          <span
            class="MuiTouchRipple-root css-8je8zh-MuiTouchRipple-root"
          />
        </button>
      </p>
      <div
        class="MuiGrid-root css-k1dudb-MuiGrid-root"
      >
        <h6
          class="MuiTypography-root MuiTypography-h6 css-2ulfj5-MuiTypography-root"
        >
          Q
          1
            
          what is react?
        </h6>
      </div>
      <div
        class="MuiGrid-root css-1osbi6h-MuiGrid-root"
      >
        <div
          class="MuiFormControl-root css-1nrlq1o-MuiFormControl-root"
        >
          <div
            class="MuiFormGroup-root css-dmmspl-MuiFormGroup-root"
            role="radiogroup"
          >
            <label
              class="MuiFormControlLabel-root MuiFormControlLabel-labelPlacementEnd css-j204z7-MuiFormControlLabel-root"
              data-testid="mcq-0"
            >
              <span
                class="MuiRadio-root MuiRadio-colorPrimary MuiButtonBase-root MuiRadio-root MuiRadio-colorPrimary PrivateSwitchBase-root css-vqmohf-MuiButtonBase-root-MuiRadio-root"
              >
                <input
                  class="PrivateSwitchBase-input css-1m9pwf3"
                  name=":r0:"
                  type="radio"
                  value="librery"
                />
                <span
                  class="css-hyxlzm"
                >
                  <svg
                    aria-hidden="true"
                    class="MuiSvgIcon-root MuiSvgIcon-fontSizeMedium css-1hbvpl3-MuiSvgIcon-root"
                    data-testid="RadioButtonUncheckedIcon"
                    focusable="false"
                    viewBox="0 0 24 24"
                  >
                    <path
                      d="M12 2C6.48 2 2 6.48 2 12s4.48 10 10 10 10-4.48 10-10S17.52 2 12 2zm0 18c-4.42 0-8-3.58-8-8s3.58-8 8-8 8 3.58 8 8-3.58 8-8 8z"
                    />
                  </svg>
                  <svg
                    aria-hidden="true"
                    class="MuiSvgIcon-root MuiSvgIcon-fontSizeMedium css-1hhw7if-MuiSvgIcon-root"
                    data-testid="RadioButtonCheckedIcon"
                    focusable="false"
                    viewBox="0 0 24 24"
                  >
                    <path
                      d="M8.465 8.465C9.37 7.56 10.62 7 12 7C14.76 7 17 9.24 17 12C17 13.38 16.44 14.63 15.535 15.535C14.63 16.44 13.38 17 12 17C9.24 17 7 14.76 7 12C7 10.62 7.56 9.37 8.465 8.465Z"
                    />
                  </svg>
                </span>
                <span
                  class="MuiTouchRipple-root css-8je8zh-MuiTouchRipple-root"
                />
              </span>
              <span
                class="MuiTypography-root MuiTypography-body1 MuiFormControlLabel-label css-ahj2mt-MuiTypography-root"
              >
                librery
              </span>
            </label>
            <label
              class="MuiFormControlLabel-root MuiFormControlLabel-labelPlacementEnd css-j204z7-MuiFormControlLabel-root"
              data-testid="mcq-1"
            >
              <span
                class="MuiRadio-root MuiRadio-colorPrimary MuiButtonBase-root MuiRadio-root MuiRadio-colorPrimary PrivateSwitchBase-root css-vqmohf-MuiButtonBase-root-MuiRadio-root"
              >
                <input
                  class="PrivateSwitchBase-input css-1m9pwf3"
                  name=":r0:"
                  type="radio"
                  value="framework"
                />
                <span
                  class="css-hyxlzm"
                >
                  <svg
                    aria-hidden="true"
                    class="MuiSvgIcon-root MuiSvgIcon-fontSizeMedium css-1hbvpl3-MuiSvgIcon-root"
                    data-testid="RadioButtonUncheckedIcon"
                    focusable="false"
                    viewBox="0 0 24 24"
                  >
                    <path
                      d="M12 2C6.48 2 2 6.48 2 12s4.48 10 10 10 10-4.48 10-10S17.52 2 12 2zm0 18c-4.42 0-8-3.58-8-8s3.58-8 8-8 8 3.58 8 8-3.58 8-8 8z"
                    />
                  </svg>
                  <svg
                    aria-hidden="true"
                    class="MuiSvgIcon-root MuiSvgIcon-fontSizeMedium css-1hhw7if-MuiSvgIcon-root"
                    data-testid="RadioButtonCheckedIcon"
                    focusable="false"
                    viewBox="0 0 24 24"
                  >
                    <path
                      d="M8.465 8.465C9.37 7.56 10.62 7 12 7C14.76 7 17 9.24 17 12C17 13.38 16.44 14.63 15.535 15.535C14.63 16.44 13.38 17 12 17C9.24 17 7 14.76 7 12C7 10.62 7.56 9.37 8.465 8.465Z"
                    />
                  </svg>
                </span>
                <span
                  class="MuiTouchRipple-root css-8je8zh-MuiTouchRipple-root"
                />
              </span>
              <span
                class="MuiTypography-root MuiTypography-body1 MuiFormControlLabel-label css-ahj2mt-MuiTypography-root"
              >
                framework
              </span>
            </label>
            <label
              class="MuiFormControlLabel-root MuiFormControlLabel-labelPlacementEnd css-j204z7-MuiFormControlLabel-root"
              data-testid="mcq-2"
            >
              <span
                class="MuiRadio-root MuiRadio-colorPrimary MuiButtonBase-root MuiRadio-root MuiRadio-colorPrimary PrivateSwitchBase-root css-vqmohf-MuiButtonBase-root-MuiRadio-root"
              >
                <input
                  class="PrivateSwitchBase-input css-1m9pwf3"
                  name=":r0:"
                  type="radio"
                  value="both"
                />
                <span
                  class="css-hyxlzm"
                >
                  <svg
                    aria-hidden="true"
                    class="MuiSvgIcon-root MuiSvgIcon-fontSizeMedium css-1hbvpl3-MuiSvgIcon-root"
                    data-testid="RadioButtonUncheckedIcon"
                    focusable="false"
                    viewBox="0 0 24 24"
                  >
                    <path
                      d="M12 2C6.48 2 2 6.48 2 12s4.48 10 10 10 10-4.48 10-10S17.52 2 12 2zm0 18c-4.42 0-8-3.58-8-8s3.58-8 8-8 8 3.58 8 8-3.58 8-8 8z"
                    />
                  </svg>
                  <svg
                    aria-hidden="true"
                    class="MuiSvgIcon-root MuiSvgIcon-fontSizeMedium css-1hhw7if-MuiSvgIcon-root"
                    data-testid="RadioButtonCheckedIcon"
                    focusable="false"
                    viewBox="0 0 24 24"
                  >
                    <path
                      d="M8.465 8.465C9.37 7.56 10.62 7 12 7C14.76 7 17 9.24 17 12C17 13.38 16.44 14.63 15.535 15.535C14.63 16.44 13.38 17 12 17C9.24 17 7 14.76 7 12C7 10.62 7.56 9.37 8.465 8.465Z"
                    />
                  </svg>
                </span>
                <span
                  class="MuiTouchRipple-root css-8je8zh-MuiTouchRipple-root"
                />
              </span>
              <span
                class="MuiTypography-root MuiTypography-body1 MuiFormControlLabel-label css-ahj2mt-MuiTypography-root"
              >
                both
              </span>
            </label>
            <label
              class="MuiFormControlLabel-root MuiFormControlLabel-labelPlacementEnd css-j204z7-MuiFormControlLabel-root"
              data-testid="mcq-3"
            >
              <span
                class="MuiRadio-root MuiRadio-colorPrimary MuiButtonBase-root MuiRadio-root MuiRadio-colorPrimary PrivateSwitchBase-root css-vqmohf-MuiButtonBase-root-MuiRadio-root"
              >
                <input
                  class="PrivateSwitchBase-input css-1m9pwf3"
                  name=":r0:"
                  type="radio"
                  value="none"
                />
                <span
                  class="css-hyxlzm"
                >
                  <svg
                    aria-hidden="true"
                    class="MuiSvgIcon-root MuiSvgIcon-fontSizeMedium css-1hbvpl3-MuiSvgIcon-root"
                    data-testid="RadioButtonUncheckedIcon"
                    focusable="false"
                    viewBox="0 0 24 24"
                  >
                    <path
                      d="M12 2C6.48 2 2 6.48 2 12s4.48 10 10 10 10-4.48 10-10S17.52 2 12 2zm0 18c-4.42 0-8-3.58-8-8s3.58-8 8-8 8 3.58 8 8-3.58 8-8 8z"
                    />
                  </svg>
                  <svg
                    aria-hidden="true"
                    class="MuiSvgIcon-root MuiSvgIcon-fontSizeMedium css-1hhw7if-MuiSvgIcon-root"
                    data-testid="RadioButtonCheckedIcon"
                    focusable="false"
                    viewBox="0 0 24 24"
                  >
                    <path
                      d="M8.465 8.465C9.37 7.56 10.62 7 12 7C14.76 7 17 9.24 17 12C17 13.38 16.44 14.63 15.535 15.535C14.63 16.44 13.38 17 12 17C9.24 17 7 14.76 7 12C7 10.62 7.56 9.37 8.465 8.465Z"
                    />
                  </svg>
                </span>
                <span
                  class="MuiTouchRipple-root css-8je8zh-MuiTouchRipple-root"
                />
              </span>
              <span
                class="MuiTypography-root MuiTypography-body1 MuiFormControlLabel-label css-ahj2mt-MuiTypography-root"
              >
                none
              </span>
            </label>
          </div>
        </div>
      </div>
      <div
        class="MuiGrid-root MuiGrid-container css-ngb104-MuiGrid-root"
      >
        <div
          class="MuiGrid-root MuiGrid-grid-xs-1 css-szb5eh-MuiGrid-root"
        >
          <button
            class="MuiButton-root MuiButton-outlined MuiButton-outlinedPrimary MuiButton-sizeMedium MuiButton-outlinedSizeMedium MuiButtonBase-root Mui-disabled  css-1rwt2y5-MuiButtonBase-root-MuiButton-root"
            data-testid="back"
            disabled=""
            tabindex="-1"
            type="button"
          >
            <svg
              aria-hidden="true"
              class="MuiSvgIcon-root MuiSvgIcon-fontSizeMedium css-i4bv87-MuiSvgIcon-root"
              data-testid="ArrowBackIcon"
              focusable="false"
              viewBox="0 0 24 24"
            >
              <path
                d="M20 11H7.83l5.59-5.59L12 4l-8 8 8 8 1.41-1.41L7.83 13H20v-2z"
              />
            </svg>
          </button>
        </div>
        <div
          class="MuiGrid-root MuiGrid-grid-xs-8 css-1s8x0xg-MuiGrid-root"
        />
        <div
          class="MuiGrid-root MuiGrid-grid-xs-1 css-szb5eh-MuiGrid-root"
        >
          <button
            class="MuiButton-root MuiButton-outlined MuiButton-outlinedPrimary MuiButton-sizeMedium MuiButton-outlinedSizeMedium MuiButtonBase-root Mui-disabled  css-1rwt2y5-MuiButtonBase-root-MuiButton-root"
            data-testid="submit"
            disabled=""
            tabindex="-1"
            type="button"
          >
            SUBMIT
          </button>
        </div>
        <div
          class="MuiGrid-root MuiGrid-grid-xs-1 css-szb5eh-MuiGrid-root"
        >
          <button
            class="MuiButton-root MuiButton-outlined MuiButton-outlinedPrimary MuiButton-sizeMedium MuiButton-outlinedSizeMedium MuiButtonBase-root  css-1rwt2y5-MuiButtonBase-root-MuiButton-root"
            data-testid="frd"
            tabindex="0"
            type="button"
          >
            <svg
              aria-hidden="true"
              class="MuiSvgIcon-root MuiSvgIcon-fontSizeMedium css-i4bv87-MuiSvgIcon-root"
              data-testid="ArrowForwardIcon"
              focusable="false"
              viewBox="0 0 24 24"
            >
              <path
                d="m12 4-1.41 1.41L16.17 11H4v2h12.17l-5.58 5.59L12 20l8-8z"
              />
            </svg>
            <span
              class="MuiTouchRipple-root css-8je8zh-MuiTouchRipple-root"
            />
          </button>
        </div>
      </div>
    </div>
  </div>,
  "debug": [Function],
  "findAllByAltText": [Function],
  "findAllByDisplayValue": [Function],
  "findAllByLabelText": [Function],
  "findAllByPlaceholderText": [Function],
  "findAllByRole": [Function],
  "findAllByTestId": [Function],
  "findAllByText": [Function],
  "findAllByTitle": [Function],
  "findByAltText": [Function],
  "findByDisplayValue": [Function],
  "findByLabelText": [Function],
  "findByPlaceholderText": [Function],
  "findByRole": [Function],
  "findByTestId": [Function],
  "findByText": [Function],
  "findByTitle": [Function],
  "getAllByAltText": [Function],
  "getAllByDisplayValue": [Function],
  "getAllByLabelText": [Function],
  "getAllByPlaceholderText": [Function],
  "getAllByRole": [Function],
  "getAllByTestId": [Function],
  "getAllByText": [Function],
  "getAllByTitle": [Function],
  "getByAltText": [Function],
  "getByDisplayValue": [Function],
  "getByLabelText": [Function],
  "getByPlaceholderText": [Function],
  "getByRole": [Function],
  "getByTestId": [Function],
  "getByText": [Function],
  "getByTitle": [Function],
  "queryAllByAltText": [Function],
  "queryAllByDisplayValue": [Function],
  "queryAllByLabelText": [Function],
  "queryAllByPlaceholderText": [Function],
  "queryAllByRole": [Function],
  "queryAllByTestId": [Function],
  "queryAllByText": [Function],
  "queryAllByTitle": [Function],
  "queryByAltText": [Function],
  "queryByDisplayValue": [Function],
  "queryByLabelText": [Function],
  "queryByPlaceholderText": [Function],
  "queryByRole": [Function],
  "queryByTestId": [Function],
  "queryByText": [Function],
  "queryByTitle": [Function],
  "rerender": [Function],
  "unmount": [Function],
}
`;
