// Jest Snapshot v1, https://goo.gl/fbAQLP

exports[`test for result componet snap for result 1`] = `
Object {
  "asFragment": [Function],
  "baseElement": <body>
    <div>
      <div>
        <h4
          class="MuiTypography-root MuiTypography-h4 css-11b88os-MuiTypography-root"
        >
          RESULT
        </h4>
        <div
          class="MuiGrid-root MuiGrid-container css-1ebpurq-MuiGrid-root"
        >
          <div
            class="MuiGrid-root css-1becngf-MuiGrid-root"
          >
            <div
              class="MuiGrid-root css-j1jb3a-MuiGrid-root"
            >
              <h6
                class="MuiTypography-root MuiTypography-h6 css-1a3mx6w-MuiTypography-root"
              >
                Your Score is 
                <b>
                  7
                  /6
                </b>
              </h6>
              <h6
                class="MuiTypography-root MuiTypography-h6 css-1a3mx6w-MuiTypography-root"
              >
                Percentage is 
                <b>
                  116.67
                </b>
              </h6>
            </div>
            <div
              class="MuiGrid-root css-rbiswf-MuiGrid-root"
            >
              <div
                data-testid="data"
              >
                <p
                  class="MuiTypography-root MuiTypography-body1 css-lvs09v-MuiTypography-root"
                >
                  Q
                   
                </p>
                <p
                  class="MuiTypography-root MuiTypography-body1 css-15108kq-MuiTypography-root"
                >
                  correct answer :- 
                </p>
                <p
                  class="MuiTypography-root MuiTypography-body1 css-2qxmvk-MuiTypography-root"
                >
                  your answer :- 
                </p>
              </div>
              <div
                data-testid="data"
              >
                <p
                  class="MuiTypography-root MuiTypography-body1 css-lvs09v-MuiTypography-root"
                >
                  Q
                   
                </p>
                <p
                  class="MuiTypography-root MuiTypography-body1 css-15108kq-MuiTypography-root"
                >
                  correct answer :- 
                </p>
                <p
                  class="MuiTypography-root MuiTypography-body1 css-2qxmvk-MuiTypography-root"
                >
                  your answer :- 
                </p>
              </div>
              <div
                data-testid="data"
              >
                <p
                  class="MuiTypography-root MuiTypography-body1 css-lvs09v-MuiTypography-root"
                >
                  Q
                   
                </p>
                <p
                  class="MuiTypography-root MuiTypography-body1 css-15108kq-MuiTypography-root"
                >
                  correct answer :- 
                </p>
                <p
                  class="MuiTypography-root MuiTypography-body1 css-2qxmvk-MuiTypography-root"
                >
                  your answer :- 
                </p>
              </div>
              <div
                data-testid="data"
              >
                <p
                  class="MuiTypography-root MuiTypography-body1 css-lvs09v-MuiTypography-root"
                >
                  Q
                   
                </p>
                <p
                  class="MuiTypography-root MuiTypography-body1 css-15108kq-MuiTypography-root"
                >
                  correct answer :- 
                </p>
                <p
                  class="MuiTypography-root MuiTypography-body1 css-2qxmvk-MuiTypography-root"
                >
                  your answer :- 
                </p>
              </div>
              <div
                data-testid="data"
              >
                <p
                  class="MuiTypography-root MuiTypography-body1 css-lvs09v-MuiTypography-root"
                >
                  Q
                   
                </p>
                <p
                  class="MuiTypography-root MuiTypography-body1 css-15108kq-MuiTypography-root"
                >
                  correct answer :- 
                </p>
                <p
                  class="MuiTypography-root MuiTypography-body1 css-2qxmvk-MuiTypography-root"
                >
                  your answer :- 
                </p>
              </div>
              <div
                data-testid="data"
              >
                <p
                  class="MuiTypography-root MuiTypography-body1 css-lvs09v-MuiTypography-root"
                >
                  Q
                   
                </p>
                <p
                  class="MuiTypography-root MuiTypography-body1 css-15108kq-MuiTypography-root"
                >
                  correct answer :- 
                </p>
                <p
                  class="MuiTypography-root MuiTypography-body1 css-2qxmvk-MuiTypography-root"
                >
                  your answer :- 
                </p>
              </div>
              <div
                data-testid="data"
              >
                <p
                  class="MuiTypography-root MuiTypography-body1 css-lvs09v-MuiTypography-root"
                >
                  Q
                   
                </p>
                <p
                  class="MuiTypography-root MuiTypography-body1 css-15108kq-MuiTypography-root"
                >
                  correct answer :- 
                </p>
                <p
                  class="MuiTypography-root MuiTypography-body1 css-2qxmvk-MuiTypography-root"
                >
                  your answer :- 
                </p>
              </div>
            </div>
          </div>
          <div
            class="MuiGrid-root css-17960as-MuiGrid-root"
          >
            <div
              class="MuiGrid-root css-yg9aw3-MuiGrid-root"
            />
          </div>
        </div>
      </div>
    </div>
  </body>,
  "container": <div>
    <div>
      <h4
        class="MuiTypography-root MuiTypography-h4 css-11b88os-MuiTypography-root"
      >
        RESULT
      </h4>
      <div
        class="MuiGrid-root MuiGrid-container css-1ebpurq-MuiGrid-root"
      >
        <div
          class="MuiGrid-root css-1becngf-MuiGrid-root"
        >
          <div
            class="MuiGrid-root css-j1jb3a-MuiGrid-root"
          >
            <h6
              class="MuiTypography-root MuiTypography-h6 css-1a3mx6w-MuiTypography-root"
            >
              Your Score is 
              <b>
                7
                /6
              </b>
            </h6>
            <h6
              class="MuiTypography-root MuiTypography-h6 css-1a3mx6w-MuiTypography-root"
            >
              Percentage is 
              <b>
                116.67
              </b>
            </h6>
          </div>
          <div
            class="MuiGrid-root css-rbiswf-MuiGrid-root"
          >
            <div
              data-testid="data"
            >
              <p
                class="MuiTypography-root MuiTypography-body1 css-lvs09v-MuiTypography-root"
              >
                Q
                 
              </p>
              <p
                class="MuiTypography-root MuiTypography-body1 css-15108kq-MuiTypography-root"
              >
                correct answer :- 
              </p>
              <p
                class="MuiTypography-root MuiTypography-body1 css-2qxmvk-MuiTypography-root"
              >
                your answer :- 
              </p>
            </div>
            <div
              data-testid="data"
            >
              <p
                class="MuiTypography-root MuiTypography-body1 css-lvs09v-MuiTypography-root"
              >
                Q
                 
              </p>
              <p
                class="MuiTypography-root MuiTypography-body1 css-15108kq-MuiTypography-root"
              >
                correct answer :- 
              </p>
              <p
                class="MuiTypography-root MuiTypography-body1 css-2qxmvk-MuiTypography-root"
              >
                your answer :- 
              </p>
            </div>
            <div
              data-testid="data"
            >
              <p
                class="MuiTypography-root MuiTypography-body1 css-lvs09v-MuiTypography-root"
              >
                Q
                 
              </p>
              <p
                class="MuiTypography-root MuiTypography-body1 css-15108kq-MuiTypography-root"
              >
                correct answer :- 
              </p>
              <p
                class="MuiTypography-root MuiTypography-body1 css-2qxmvk-MuiTypography-root"
              >
                your answer :- 
              </p>
            </div>
            <div
              data-testid="data"
            >
              <p
                class="MuiTypography-root MuiTypography-body1 css-lvs09v-MuiTypography-root"
              >
                Q
                 
              </p>
              <p
                class="MuiTypography-root MuiTypography-body1 css-15108kq-MuiTypography-root"
              >
                correct answer :- 
              </p>
              <p
                class="MuiTypography-root MuiTypography-body1 css-2qxmvk-MuiTypography-root"
              >
                your answer :- 
              </p>
            </div>
            <div
              data-testid="data"
            >
              <p
                class="MuiTypography-root MuiTypography-body1 css-lvs09v-MuiTypography-root"
              >
                Q
                 
              </p>
              <p
                class="MuiTypography-root MuiTypography-body1 css-15108kq-MuiTypography-root"
              >
                correct answer :- 
              </p>
              <p
                class="MuiTypography-root MuiTypography-body1 css-2qxmvk-MuiTypography-root"
              >
                your answer :- 
              </p>
            </div>
            <div
              data-testid="data"
            >
              <p
                class="MuiTypography-root MuiTypography-body1 css-lvs09v-MuiTypography-root"
              >
                Q
                 
              </p>
              <p
                class="MuiTypography-root MuiTypography-body1 css-15108kq-MuiTypography-root"
              >
                correct answer :- 
              </p>
              <p
                class="MuiTypography-root MuiTypography-body1 css-2qxmvk-MuiTypography-root"
              >
                your answer :- 
              </p>
            </div>
            <div
              data-testid="data"
            >
              <p
                class="MuiTypography-root MuiTypography-body1 css-lvs09v-MuiTypography-root"
              >
                Q
                 
              </p>
              <p
                class="MuiTypography-root MuiTypography-body1 css-15108kq-MuiTypography-root"
              >
                correct answer :- 
              </p>
              <p
                class="MuiTypography-root MuiTypography-body1 css-2qxmvk-MuiTypography-root"
              >
                your answer :- 
              </p>
            </div>
          </div>
        </div>
        <div
          class="MuiGrid-root css-17960as-MuiGrid-root"
        >
          <div
            class="MuiGrid-root css-yg9aw3-MuiGrid-root"
          />
        </div>
      </div>
    </div>
  </div>,
  "debug": [Function],
  "findAllByAltText": [Function],
  "findAllByDisplayValue": [Function],
  "findAllByLabelText": [Function],
  "findAllByPlaceholderText": [Function],
  "findAllByRole": [Function],
  "findAllByTestId": [Function],
  "findAllByText": [Function],
  "findAllByTitle": [Function],
  "findByAltText": [Function],
  "findByDisplayValue": [Function],
  "findByLabelText": [Function],
  "findByPlaceholderText": [Function],
  "findByRole": [Function],
  "findByTestId": [Function],
  "findByText": [Function],
  "findByTitle": [Function],
  "getAllByAltText": [Function],
  "getAllByDisplayValue": [Function],
  "getAllByLabelText": [Function],
  "getAllByPlaceholderText": [Function],
  "getAllByRole": [Function],
  "getAllByTestId": [Function],
  "getAllByText": [Function],
  "getAllByTitle": [Function],
  "getByAltText": [Function],
  "getByDisplayValue": [Function],
  "getByLabelText": [Function],
  "getByPlaceholderText": [Function],
  "getByRole": [Function],
  "getByTestId": [Function],
  "getByText": [Function],
  "getByTitle": [Function],
  "queryAllByAltText": [Function],
  "queryAllByDisplayValue": [Function],
  "queryAllByLabelText": [Function],
  "queryAllByPlaceholderText": [Function],
  "queryAllByRole": [Function],
  "queryAllByTestId": [Function],
  "queryAllByText": [Function],
  "queryAllByTitle": [Function],
  "queryByAltText": [Function],
  "queryByDisplayValue": [Function],
  "queryByLabelText": [Function],
  "queryByPlaceholderText": [Function],
  "queryByRole": [Function],
  "queryByTestId": [Function],
  "queryByText": [Function],
  "queryByTitle": [Function],
  "rerender": [Function],
  "unmount": [Function],
}
`;
