// Jest Snapshot v1, https://goo.gl/fbAQLP

exports[`snapshot for result page 1`] = `
Object {
  "asFragment": [Function],
  "baseElement": <body>
    <div>
       
      <div>
        <div
          style="margin-left: 50px; float: left;"
        >
          <button
            class="MuiButton-root MuiButton-contained MuiButton-containedPrimary MuiButton-sizeMedium MuiButton-containedSizeMedium MuiButtonBase-root  css-ervl2l-MuiButtonBase-root-MuiButton-root"
            tabindex="0"
            type="button"
          >
            Retake
            <span
              class="MuiTouchRipple-root css-8je8zh-MuiTouchRipple-root"
            />
          </button>
          <h1
            style="margin-bottom: 40px;"
          >
            Your score is 
            <b>
              0
              /6
            </b>
          </h1>
          <h3>
            <u>
              RIGHT_ANSWERS
            </u>
          </h3>
          <ol
            style="list-style-type: none;"
          />
          <h3
            style="margin-top: 40px;"
          >
            <u>
              WRONG_ANSWERS
            </u>
          </h3>
          <ol
            style="list-style-type: none;"
          />
        </div>
        <div
          style="float: right; margin-right: 10rem; margin-top: 5rem;"
        >
          <div
            style="height: 20rem; width: 20rem; background-color: red; border-radius: 50%;"
            title="peichart"
          />
        </div>
      </div>
    </div>
  </body>,
  "container": <div>
     
    <div>
      <div
        style="margin-left: 50px; float: left;"
      >
        <button
          class="MuiButton-root MuiButton-contained MuiButton-containedPrimary MuiButton-sizeMedium MuiButton-containedSizeMedium MuiButtonBase-root  css-ervl2l-MuiButtonBase-root-MuiButton-root"
          tabindex="0"
          type="button"
        >
          Retake
          <span
            class="MuiTouchRipple-root css-8je8zh-MuiTouchRipple-root"
          />
        </button>
        <h1
          style="margin-bottom: 40px;"
        >
          Your score is 
          <b>
            0
            /6
          </b>
        </h1>
        <h3>
          <u>
            RIGHT_ANSWERS
          </u>
        </h3>
        <ol
          style="list-style-type: none;"
        />
        <h3
          style="margin-top: 40px;"
        >
          <u>
            WRONG_ANSWERS
          </u>
        </h3>
        <ol
          style="list-style-type: none;"
        />
      </div>
      <div
        style="float: right; margin-right: 10rem; margin-top: 5rem;"
      >
        <div
          style="height: 20rem; width: 20rem; background-color: red; border-radius: 50%;"
          title="peichart"
        />
      </div>
    </div>
  </div>,
  "debug": [Function],
  "findAllByAltText": [Function],
  "findAllByDisplayValue": [Function],
  "findAllByLabelText": [Function],
  "findAllByPlaceholderText": [Function],
  "findAllByRole": [Function],
  "findAllByTestId": [Function],
  "findAllByText": [Function],
  "findAllByTitle": [Function],
  "findByAltText": [Function],
  "findByDisplayValue": [Function],
  "findByLabelText": [Function],
  "findByPlaceholderText": [Function],
  "findByRole": [Function],
  "findByTestId": [Function],
  "findByText": [Function],
  "findByTitle": [Function],
  "getAllByAltText": [Function],
  "getAllByDisplayValue": [Function],
  "getAllByLabelText": [Function],
  "getAllByPlaceholderText": [Function],
  "getAllByRole": [Function],
  "getAllByTestId": [Function],
  "getAllByText": [Function],
  "getAllByTitle": [Function],
  "getByAltText": [Function],
  "getByDisplayValue": [Function],
  "getByLabelText": [Function],
  "getByPlaceholderText": [Function],
  "getByRole": [Function],
  "getByTestId": [Function],
  "getByText": [Function],
  "getByTitle": [Function],
  "queryAllByAltText": [Function],
  "queryAllByDisplayValue": [Function],
  "queryAllByLabelText": [Function],
  "queryAllByPlaceholderText": [Function],
  "queryAllByRole": [Function],
  "queryAllByTestId": [Function],
  "queryAllByText": [Function],
  "queryAllByTitle": [Function],
  "queryByAltText": [Function],
  "queryByDisplayValue": [Function],
  "queryByLabelText": [Function],
  "queryByPlaceholderText": [Function],
  "queryByRole": [Function],
  "queryByTestId": [Function],
  "queryByText": [Function],
  "queryByTitle": [Function],
  "rerender": [Function],
  "unmount": [Function],
}
`;
